2728
5628
5379
6522
1316
959
6354
546
6534
5301
4993
797
3950
5989
4091
6330
5416
4600
4543
5278
