91
39
99
105
38
90
58
106
47
55
113
57
30
65
84
67
50
95
34
88
107
69
45
56
56
106
28
29
105
115
