22165
13453
19015
20932
26372
11630
9913
19725
26825
19313
38549
8435
13645
14215
32385
34119
22257
27672
31511
26553
25824
23023
39313
19074
41251
26328
26722
14956
31511
26144
