36531
17523
18876
31457
26912
12366
26587
34112
33688
30445
23588
24471
21543
36285
40930
30362
9116
30378
29327
14692
14914
27658
35141
15722
37934
22628
24242
21599
10955
9814
