38276
8988
11407
9908
32418
27425
31006
17620
33487
29696
41611
40862
12139
10271
28599
33071
29422
16567
9970
10639
26716
21613
27655
9189
36619
31559
9770
10772
31038
27397
