39562
13211
18843
15718
16826
15626
14716
9643
39021
29586
9459
10486
11418
14371
31148
9499
37180
41226
34969
27688
13821
20303
32709
28939
10847
13339
22541
10760
11024
Khong dau tu duoc roi!
