4378
676
5194
4275
639
3840
4033
372
4163
1455
6670
1141
1076
1429
5832
4624
2219
2180
2213
4414
