929
2439
2768
1508
2751
3506
1503
4373
4900
3220
2200
4345
685
2679
4449
3723
864
479
2292
458
