686
5503
2873
1857
5497
6349
6222
3503
2426
2069
2190
2175
6060
321
3751
1839
3890
5867
2399
Khong dau tu duoc roi!
