6590
5389
2544
2836
2503
2018
6030
1980
2268
3395
868
5611
1407
631
359
1609
2458
5186
3011
Khong dau tu duoc roi!
